[adventurethemes.com/demo/writer/html/v3/index.html]
[backblue.gif]
[fade.gif]
[index.html]
[adventurethemes.com/demo/writer/html/v3/css/bootstrap.min.css]
[adventurethemes.com/demo/writer/html/v3/css/font-awesome.min.css]
[adventurethemes.com/demo/writer/html/v3/css/main.css]
[adventurethemes.com/demo/writer/html/v3/js/vendor/modernizr.custom.32229-2.8-respondjs-1-4-2.js]
[adventurethemes.com/demo/writer/html/v3/index-2.html]
[adventurethemes.com/demo/writer/html/v3/author.html]
[adventurethemes.com/demo/writer/html/v3/page.html]
[adventurethemes.com/demo/writer/html/v3/favorites.html]
[adventurethemes.com/demo/writer/html/v3/contact.html]
[adventurethemes.com/demo/writer/html/v3/post.html]
[adventurethemes.com/demo/writer/html/v3/post-sidebar.html]
[adventurethemes.com/demo/writer/html/v3/alt-home.html]
[adventurethemes.com/demo/writer/html/v3/category.html]
[adventurethemes.com/demo/writer/html/v3/img/profile-1.jpg]
[adventurethemes.com/demo/writer/html/v3/img/profile-2.jpg]
[adventurethemes.com/demo/writer/html/v3/img/profile-4.jpg]
[adventurethemes.com/demo/writer/html/v3/img/profile-5.png]
[adventurethemes.com/demo/writer/html/v3/components.html]
[adventurethemes.com/demo/writer/html/v3/img/profile-3.jpg]
[adventurethemes.com/demo/writer/html/v3/img/cover-2.jpg]
[adventurethemes.com/demo/writer/html/v3/img/cover-4.jpg]
[adventurethemes.com/demo/writer/html/v3/img/cover-6.jpg]
[adventurethemes.com/demo/writer/html/v3/img/cover-9.jpg]
[adventurethemes.com/demo/writer/html/v3/img/cover-1.jpg]
[adventurethemes.com/demo/writer/html/v3/img/cover-3.jpg]
[adventurethemes.com/demo/writer/html/v3/img/cover-5.jpg]
[adventurethemes.com/demo/writer/html/v3/img/cover-7.jpg]
[adventurethemes.com/demo/writer/html/v3/img/cover-8.jpg]
[adventurethemes.com/demo/writer/html/v3/img/cover-10.jpg]
[adventurethemes.com/demo/writer/html/v3/img/cover-11.jpg]
[adventurethemes.com/demo/writer/html/v3/img/cover-12.jpg]
[adventurethemes.com/demo/writer/html/v3/js/vendor/jquery.jpanelmenu.min.js]
[adventurethemes.com/demo/writer/html/v3/js/vendor/jquery-1.11.2.min.js]
[adventurethemes.com/demo/writer/html/v3/js/vendor/fastclick.min.js]
[adventurethemes.com/demo/writer/html/v3/index.html]
[adventurethemes.com/demo/writer/html/v3/css/bootstrap.min.css]
[adventurethemes.com/demo/writer/html/v3/js/vendor/bootstrap.min.js]
[adventurethemes.com/demo/writer/html/v3/js/main.js]
[adventurethemes.com/demo/writer/html/v3/fonts/fontawesome-webfonte0a5.woff2]
[adventurethemes.com/demo/writer/html/v3/fonts/fontawesome-webfonte0a5.woff]
[adventurethemes.com/demo/writer/html/v3/fonts/fontawesome-webfonte0a5.ttf]
[adventurethemes.com/demo/writer/html/v3/fonts/fontawesome-webfonte0a5.eot]
[adventurethemes.com/demo/writer/html/v3/fonts/fontawesome-webfontd41d.eot]
[adventurethemes.com/demo/writer/html/v3/css/font-awesome.min.css]
[adventurethemes.com/demo/writer/html/v3/img/default-sidebar.jpg]
[adventurethemes.com/demo/writer/html/v3/img/default-single-hero.jpg]
[adventurethemes.com/demo/writer/html/v3/fonts/fontawesome-webfonte0a5.svg]
[adventurethemes.com/demo/writer/html/v3/img/default-404.jpg]
[adventurethemes.com/demo/writer/html/v3/css/main.css]
[adventurethemes.com/demo/writer/html/v3/index-2.html]
[adventurethemes.com/demo/writer/html/v3/img/default-author.jpg]
[adventurethemes.com/demo/writer/html/v3/img/author.jpg]
[adventurethemes.com/demo/writer/html/v3/author.html]
[adventurethemes.com/demo/writer/html/v3/img/default-about.jpg]
[adventurethemes.com/demo/writer/html/v3/page.html]
[adventurethemes.com/demo/writer/html/v3/img/default-favorites-sidebar.jpg]
[adventurethemes.com/demo/writer/html/v3/favorites.html]
[adventurethemes.com/demo/writer/html/v3/img/default-contact.jpg]
[adventurethemes.com/demo/writer/html/v3/contact.html]
[adventurethemes.com/demo/writer/html/v3/img/square-iceland.jpg]
[adventurethemes.com/demo/writer/html/v3/img/square-spain.jpg]
[adventurethemes.com/demo/writer/html/v3/img/square-peak.jpg]
[adventurethemes.com/demo/writer/html/v3/img/square-woods.jpg]
[adventurethemes.com/demo/writer/html/v3/img/square-sunset.jpg]
[adventurethemes.com/demo/writer/html/v3/post.html]
[adventurethemes.com/demo/writer/html/v3/img/square-mountain.jpg]
[adventurethemes.com/demo/writer/html/v3/img/default-single-hero-with-sidebar.jpg]
[adventurethemes.com/demo/writer/html/v3/img/similar-cat-1.jpg]
[adventurethemes.com/demo/writer/html/v3/img/similar-cat-2.jpg]
[adventurethemes.com/demo/writer/html/v3/img/similar-cat-3.jpg]
[adventurethemes.com/demo/writer/html/v3/post-sidebar.html]
[adventurethemes.com/demo/writer/html/v3/alt-home.html]
[adventurethemes.com/demo/writer/html/v3/category.html]
[adventurethemes.com/demo/writer/html/v3/components.html]
[adventurethemes.com/demo/writer/html/v3/fonts/fontawesome-webfonte0a5.svg]
[adventurethemes.com/demo/writer/html/v3/img/default-category-sidebar.jpg]
